// Jest Snapshot v1, https://goo.gl/fbAQLP

exports[`HotelList HotelList render ok 1`] = `
<div>
  <div class="container mb-5">
    <div class="row"></div>
  </div>
</div>
`;
