// Jest Snapshot v1, https://goo.gl/fbAQLP

exports[`HotelDetails HotelDetails render successfully 1`] = `undefined`;
