// Jest Snapshot v1, https://goo.gl/fbAQLP

exports[`Pagination renders the Pagination component 1`] = `
<nav aria-label="Page navigation example">
  <ul class="pagination justify-content-end">
    <li class="page-item"><button aria-label="Previous" disabled="disabled" class="page-link"><span aria-hidden="true">«</span></button></li>
    <li class="page-item active"><button class="page-link">1</button></li>
    <li class="page-item"><button class="page-link">2</button></li>
    <li class="page-item"><button class="page-link">3</button></li>
    <li class="page-item"><button class="page-link">4</button></li>
    <li class="page-item"><button class="page-link">5</button></li>
    <li class="page-item"><button class="page-link">6</button></li>
    <li class="page-item"><button class="page-link">7</button></li>
    <li class="page-item"><button aria-label="Next" class="page-link next"><span aria-hidden="true">»</span></button></li>
  </ul>
</nav>
`;
